
> kotab-frontend@0.0.0 build
> ng build

[33m>[39m Building...
[32m√[39m Building...
[1mInitial chunk files[22m[2m | [22m[1mNames[22m                         [2m | [22m [1mRaw size[22m[2m | [22m[1mEstimated transfer size[22m
[32mchunk-GOVK6QXN.js[39m  [2m | [22m[2m-[22m                             [2m | [22m[36m203.22 kB[39m[2m | [22m               [36m58.22 kB[39m
[32mstyles-7MYOY3UV.css[39m[2m | [22m[2mstyles[22m                        [2m | [22m[36m171.79 kB[39m[2m | [22m               [36m20.50 kB[39m
[32mchunk-Q25WUHYK.js[39m  [2m | [22m[2m-[22m                             [2m | [22m [36m97.85 kB[39m[2m | [22m               [36m24.58 kB[39m
[32mmain-WE5DRWVI.js[39m   [2m | [22m[2mmain[22m                          [2m | [22m [36m49.32 kB[39m[2m | [22m               [36m11.90 kB[39m
[32mchunk-HWYIGZBV.js[39m  [2m | [22m[2m-[22m                             [2m | [22m  [36m9.59 kB[39m[2m | [22m                [36m2.46 kB[39m
[32mchunk-KBMPNEXD.js[39m  [2m | [22m[2m-[22m                             [2m | [22m  [36m3.59 kB[39m[2m | [22m                [36m1.27 kB[39m
[32mchunk-HVKIWYV6.js[39m  [2m | [22m[2m-[22m                             [2m | [22m  [36m2.73 kB[39m[2m | [22m              [36m892 bytes[39m
[32mchunk-FSSPHPH3.js[39m  [2m | [22m[2m-[22m                             [2m | [22m  [36m1.27 kB[39m[2m | [22m              [36m510 bytes[39m
[32mchunk-42HFAH4C.js[39m  [2m | [22m[2m-[22m                             [2m | [22m[36m409 bytes[39m[2m | [22m              [36m409 bytes[39m

[1m [22m                  [2m | [22m[1mInitial total[22m                 [2m | [22m[1m539.77 kB[22m[2m | [22m              [1m120.73 kB[22m

[1mLazy chunk files[22m   [2m | [22m[1mNames[22m                         [2m | [22m [1mRaw size[22m[2m | [22m[1mEstimated transfer size[22m
[32mchunk-7SF7PC7R.js[39m  [2m | [22m[2m-[22m                             [2m | [22m[36m287.49 kB[39m[2m | [22m               [36m80.42 kB[39m
[32mchunk-CUCYCOU2.js[39m  [2m | [22m[2mattendance-locations-component[22m[2m | [22m[36m190.39 kB[39m[2m | [22m               [36m46.04 kB[39m
[32mchunk-AO7UEW7K.js[39m  [2m | [22m[2mgroup-details-component[22m       [2m | [22m[36m130.80 kB[39m[2m | [22m               [36m21.53 kB[39m
[32mchunk-XER2SM7B.js[39m  [2m | [22m[2mstudent-detail-component[22m      [2m | [22m[36m116.78 kB[39m[2m | [22m               [36m19.63 kB[39m
[32mchunk-UHE7HKES.js[39m  [2m | [22m[2m-[22m                             [2m | [22m [36m70.77 kB[39m[2m | [22m               [36m15.83 kB[39m
[32mchunk-EOAAF4Q7.js[39m  [2m | [22m[2mlanding-page-component[22m        [2m | [22m [36m64.64 kB[39m[2m | [22m               [36m12.81 kB[39m
[32mchunk-4KGKQHK5.js[39m  [2m | [22m[2madmin-absences-component[22m      [2m | [22m [36m63.35 kB[39m[2m | [22m               [36m11.44 kB[39m
[32mchunk-K5GN4MBO.js[39m  [2m | [22m[2mlibrary-list-component[22m        [2m | [22m [36m63.30 kB[39m[2m | [22m               [36m12.70 kB[39m
[32mchunk-LLBSC2RN.js[39m  [2m | [22m[2mstudent-list-component[22m        [2m | [22m [36m60.54 kB[39m[2m | [22m               [36m11.47 kB[39m
[32mchunk-NJHD6L4C.js[39m  [2m | [22m[2mgroup-chat-component[22m          [2m | [22m [36m60.51 kB[39m[2m | [22m               [36m11.72 kB[39m
[32mchunk-ZKLBLHTV.js[39m  [2m | [22m[2mgroup-list-component[22m          [2m | [22m [36m51.31 kB[39m[2m | [22m               [36m10.30 kB[39m
[32mchunk-7OCA3EF4.js[39m  [2m | [22m[2mwaiting-list-component[22m        [2m | [22m [36m49.62 kB[39m[2m | [22m                [36m9.45 kB[39m
[32mchunk-TG44NG3Y.js[39m  [2m | [22m[2m-[22m                             [2m | [22m [36m48.32 kB[39m[2m | [22m                [36m9.55 kB[39m
[32mchunk-2LHPOJKF.js[39m  [2m | [22m[2mstudent-dashboard-component[22m   [2m | [22m [36m45.24 kB[39m[2m | [22m                [36m8.87 kB[39m
[32mchunk-QBP5WIBQ.js[39m  [2m | [22m[2mpublic-application-component[22m  [2m | [22m [36m44.71 kB[39m[2m | [22m                [36m8.29 kB[39m
[2m...and 58 more lazy chunks files. Use "--verbose" to show all the files.[22m

Application bundle generation complete. [19.878 seconds] - 2026-10-07T12:00:34.770Z

[1m[33m[33m▲ [43;33m[[43;30mWARNING[43;33m][0m [1msrc/app/features/landing/landing-page.component.css exceeded maximum budget. Budget 4.00 kB was not met by 3.82 kB with a total of 7.82 kB.[0m


[33m▲ [43;33m[[43;30mWARNING[43;33m][0m [1mModule 'leaflet' used by 'src/app/features/settings/attendance-locations/attendance-locations.component.ts' is not ESM[0m

  CommonJS or AMD dependencies can cause optimization bailouts.
  For more information see: [4mhttps://angular.dev/tools/cli/build#configuring-commonjs-dependencies[0m

[39m[22m
Output location: H:\kotab\Website\dist\kotab-frontend

